<testsuites name="jest tests" tests="4" failures="2" time="1.291">
  <testsuite name="undefined" errors="0" failures="2" skipped="0" timestamp="2021-01-13T20:37:01" time="1.291" tests="4">
    <testcase classname=" Initial articles render correctly" name=" Initial articles render correctly" time="0.03">
    </testcase>
    <testcase classname=" Clicking on top renders expected articles" name=" Clicking on top renders expected articles" time="0.012">
    </testcase>
    <testcase classname=" Clicking on newest renders expected articles" name=" Clicking on newest renders expected articles" time="0.013">
      <failure>Error: expect(received).toEqual(expected) // deep equality

- Expected
+ Received

  Array [
-   &quot;Simple text editor has 15k monthly users&quot;,
-   &quot;83&quot;,
-   &quot;2020-02-22&quot;,
+   &quot;Alphabet earnings&quot;,
+   &quot;22&quot;,
+   &quot;2011-11-23&quot;,
  ]
    at forEach (/Users/victordeleon/Learning/articles/src/App.test.js:89:36)
    at Array.forEach (&lt;anonymous&gt;)
    at expectArticles (/Users/victordeleon/Learning/articles/src/App.test.js:84:12)
    at Object.&lt;anonymous&gt; (/Users/victordeleon/Learning/articles/src/App.test.js:117:3)
    at Object.asyncJestTest (/Users/victordeleon/Learning/articles/node_modules/jest-jasmine2/build/jasmineAsyncInstall.js:102:37)
    at /Users/victordeleon/Learning/articles/node_modules/jest-jasmine2/build/queueRunner.js:43:12
    at new Promise (&lt;anonymous&gt;)
    at mapper (/Users/victordeleon/Learning/articles/node_modules/jest-jasmine2/build/queueRunner.js:26:19)
    at /Users/victordeleon/Learning/articles/node_modules/jest-jasmine2/build/queueRunner.js:73:41
    at processTicksAndRejections (node:internal/process/task_queues:93:5)</failure>
    </testcase>
    <testcase classname=" Sequence of navigation clicks renders expected artices" name=" Sequence of navigation clicks renders expected artices" time="0.008">
      <failure>Error: expect(received).toEqual(expected) // deep equality

- Expected
+ Received

  Array [
-   &quot;Simple text editor has 15k monthly users&quot;,
-   &quot;83&quot;,
-   &quot;2020-02-22&quot;,
+   &quot;Alphabet earnings&quot;,
+   &quot;22&quot;,
+   &quot;2011-11-23&quot;,
  ]
    at forEach (/Users/victordeleon/Learning/articles/src/App.test.js:89:36)
    at Array.forEach (&lt;anonymous&gt;)
    at expectArticles (/Users/victordeleon/Learning/articles/src/App.test.js:84:12)
    at Object.&lt;anonymous&gt; (/Users/victordeleon/Learning/articles/src/App.test.js:132:5)
    at Object.asyncJestTest (/Users/victordeleon/Learning/articles/node_modules/jest-jasmine2/build/jasmineAsyncInstall.js:102:37)
    at /Users/victordeleon/Learning/articles/node_modules/jest-jasmine2/build/queueRunner.js:43:12
    at new Promise (&lt;anonymous&gt;)
    at mapper (/Users/victordeleon/Learning/articles/node_modules/jest-jasmine2/build/queueRunner.js:26:19)
    at /Users/victordeleon/Learning/articles/node_modules/jest-jasmine2/build/queueRunner.js:73:41
    at processTicksAndRejections (node:internal/process/task_queues:93:5)</failure>
    </testcase>
  </testsuite>
</testsuites>